e: file:///C:/Users/HP/Documents/Application_developement/interiordesign_ai/app/src/main/ja
e: file:///C:/Users/HP/Documents/Application_developement/interiordesign_ai/app/src/main/ja
e: file:///C:/Users/HP/Documents/Application_developement/interiordesign_ai/app/src/main/ja
